15:02:05 **** Incremental Build of configuration Debug for project LAB1 ****
make -j12 all 
arm-none-eabi-gcc "../Core/Src/main.c" -mcpu=cortex-m3 -std=gnu11 -g3 -DDEBUG -DUSE_HAL_DRIVER -DSTM32F103x6 -c -I../Core/Inc -I../Drivers/STM32F1xx_HAL_Driver/Inc -I../Drivers/STM32F1xx_HAL_Driver/Inc/Legacy -I../Drivers/CMSIS/Device/ST/STM32F1xx/Include -I../Drivers/CMSIS/Include -O0 -ffunction-sections -fdata-sections -Wall -fstack-usage -MMD -MP -MF"Core/Src/main.d" -MT"Core/Src/main.o" --specs=nano.specs -mfloat-abi=soft -mthumb -o "Core/Src/main.o"
../Core/Src/main.c: In function 'TimeStart':
../Core/Src/main.c:105:6: warning: suggest parentheses around assignment used as truth value [-Wparentheses]
  105 |  if (hour=12) hour=0;
      |      ^~~~
arm-none-eabi-gcc -o "LAB1.elf" @"objects.list"   -mcpu=cortex-m3 -T"D:\VXL\SOURCE_CODE\LAB1\STM32F103C6UX_FLASH.ld" --specs=nosys.specs -Wl,-Map="LAB1.map" -Wl,--gc-sections -static --specs=nano.specs -mfloat-abi=soft -mthumb -Wl,--start-group -lc -lm -Wl,--end-group
Finished building target: LAB1.elf
 
arm-none-eabi-size   LAB1.elf 
arm-none-eabi-objdump -h -S  LAB1.elf  > "LAB1.list"
arm-none-eabi-objcopy  -O ihex  LAB1.elf  "LAB1.hex"
   text	   data	    bss	    dec	    hex	filename
   5688	     20	   1572	   7280	   1c70	LAB1.elf
arm-none-eabi-objcopy  -O binary  LAB1.elf  "LAB1.bin"
Finished building: default.size.stdout
 
Finished building: LAB1.hex
Finished building: LAB1.bin
Finished building: LAB1.list
 
 
 
